2021-11-22 15:22:23.022790
Saving artifacts files into /home/kevin/openshift/matrix_benchmark/results/mlperf/dgx-quick/ssd/20211122/gpu=full_8gpu_x_1pod/run20211122_20211122_152222_638381
Apply mixed MIG strategy ...
Node dgxa100 already labeled with MIG label 'all-disabled', nothing to do.
Deleting the old ConfigMap, if any ...
Existed.
Creating the new ConfigMap ...
Including my_run_and_time.sh ...
Deleting the old Job, if any ...
- run-ssd
Deleting the old job Pods, if any ...
Deleting 1 Pods: run-ssd--1-bprdk
Deleting 1 Pods: run-ssd--1-bprdk
Deleting 1 Pods: run-ssd--1-bprdk
Deleting 1 Pods: run-ssd--1-bprdk
Deleting 1 Pods: run-ssd--1-bprdk
Deleting 1 Pods: run-ssd--1-bprdk
Done with the Pods.
Waiting for MIG reconfiguration of the node ...
MIG Manager state is success, good.
MIG label is all-disabled, good.
8 nvidia.com/gpu, good.
Launching 1 Pods ...
Running 1 Pods in parallel
Requesting 8 nvidia.com/gpu per Pod
Creating the new 'nvidia.com/gpu' Job ...

Job 'nvidia.com/gpu' for GPU: 8 x full x 1 Pods created!
=====
Thanos: Preparing  ...
Thanos: Fetching the monitoring secret token ...
-----
2021-11-22 15:23:09.595228
Waiting for run-ssd to terminate ...

run-ssd - Active (active=1, succeeded=0, failed=0)
[2Krun-ssd--1-jfsgx --> Pending
x> /home/kevin/openshift/matrix_benchmark/exec/mlperf/query_thanos.py(106)exec_in_pod()
-> return k8s_stream(v1.connect_get_namespaced_pod_exec,
(Pdb) functools.partial(<function _websocket_reqeust at 0x7efc901d9b80>, <function websocket_call at 0x7efc4ba473a0>, None)
(Pdb) > /home/kevin/openshift/matrix_benchmark/exec/mlperf/query_thanos.py(107)exec_in_pod()
-> name=name, namespace=namespace,
(Pdb) > /home/kevin/openshift/matrix_benchmark/exec/mlperf/query_thanos.py(108)exec_in_pod()
-> command=exec_command,
(Pdb) > /home/kevin/openshift/matrix_benchmark/exec/mlperf/query_thanos.py(109)exec_in_pod()
-> stderr=False, stdin=False,
(Pdb) > /home/kevin/openshift/matrix_benchmark/exec/mlperf/query_thanos.py(110)exec_in_pod()
-> stdout=True, tty=False)
(Pdb) > /home/kevin/openshift/matrix_benchmark/exec/mlperf/query_thanos.py(106)exec_in_pod()
-> return k8s_stream(v1.connect_get_namespaced_pod_exec,
(Pdb) kubernetes.client.exceptions.ApiException: (0)
Reason: Handshake status 500 Internal Server Error
> /home/kevin/openshift/matrix_benchmark/exec/mlperf/query_thanos.py(106)exec_in_pod()
-> return k8s_stream(v1.connect_get_namespaced_pod_exec,
(Pdb) 101  	
102  	def exec_in_pod(namespace, name, cmd):
103  	    # Calling exec and waiting for response
104  	    exec_command = ['/bin/sh', '-c', cmd]
105  	    import pdb;pdb.set_trace()
106  ->	    return k8s_stream(v1.connect_get_namespaced_pod_exec,
107  	                      name=name, namespace=namespace,
108  	                      command=exec_command,
109  	                      stderr=False, stdin=False,
110  	                      stdout=True, tty=False)
111  	
(Pdb) 'nvidia-operator-validator-b4726'
(Pdb) 'nvidia-gpu-operator'
(Pdb) ['/bin/sh', '-c', "curl --silent -k 'https://thanos-querier-openshift-monitoring.apps.nvidia-test.nvidia-ocp.net/api/v1/query?query=cluster%3Amemory_usage%3Aratio' --header 'Authorization: Bearer eyJhbGciOiJSUzI1NiIsImtpZCI6ImlER0k0cWMwY2s3a05obnpOTHZUMjBteWxrdEJka1ZVQnhNNW5NRUNKVVkifQ.eyJpc3MiOiJrdWJlcm5ldGVzL3NlcnZpY2VhY2NvdW50Iiwia3ViZXJuZXRlcy5pby9zZXJ2aWNlYWNjb3VudC9uYW1lc3BhY2UiOiJvcGVuc2hpZnQtdXNlci13b3JrbG9hZC1tb25pdG9yaW5nIiwia3ViZXJuZXRlcy5pby9zZXJ2aWNlYWNjb3VudC9zZWNyZXQubmFtZSI6InByb21ldGhldXMtdXNlci13b3JrbG9hZC10b2tlbi02ZmNjaCIsImt1YmVybmV0ZXMuaW8vc2VydmljZWFjY291bnQvc2VydmljZS1hY2NvdW50Lm5hbWUiOiJwcm9tZXRoZXVzLXVzZXItd29ya2xvYWQiLCJrdWJlcm5ldGVzLmlvL3NlcnZpY2VhY2NvdW50L3NlcnZpY2UtYWNjb3VudC51aWQiOiIyN2E1NDMyNS0yNzJkLTQzMjEtODIwZS1mNjkwODkzMTk2YWQiLCJzdWIiOiJzeXN0ZW06c2VydmljZWFjY291bnQ6b3BlbnNoaWZ0LXVzZXItd29ya2xvYWQtbW9uaXRvcmluZzpwcm9tZXRoZXVzLXVzZXItd29ya2xvYWQifQ.huYLctcuTCRx0TvMCQFlyo-VjYRIz_KhXyiqlqUiYtxN06ScL1hnO0a8nlNlVT9mwFDgYsDL1hgWbTZBb2GfbcoQEpdKMjVum2vih_KK_Zl_VvvxI0ibJZG-m_LAsQR2994WDbPZgfxaUV_ejQc2G5v9jDGeG6mZatfluf2jaax0ogrEnwjRrABnv6Qhu2SKQ-XqZvyt8LRr-tbnfr-7g7w7aD8_kkBpJoRLbbaU2FyFxbplVyecS0FBtMhz_K2aSaC1eJ8ji8SlT3X8sP7H3e4gUWa_7xH6SJF5vhBUeXoP2rUijFOGttuPj1MTbuAIa4jcM8heJfhinD6AIGxXKSjJe6XLiU-QBNyZ8RuPpuosmAjCYLyd3cMQSZ6-9uYNnO56WUFP71cFng4P5bqWY18K0m0Biet5hvGqKBYTh1sKIrG0St-0mah_Tj6ALiQ6tSqcZfF47tLYsUkF7PJwk2kD_EuMd7AGaMfhuYjxfrVaw5NwkmUZboD0GsTovjWRo7Z8HSVR_OtoMj_e1yJpVm8VDyRfY3IPoL9YZPcIKAUqkVAWRk9DD9lc93hphJszpLNRPzYRKUyBfWO1Q84cQJp44r6qxmxfaJ16vXDXDUzFmboQH176_9lG8V9pHbSMtkR6PFcvF75_E2R_Qf6vNDRqIM-EFMRxmow2MvhTb4o'"]
(Pdb) 
